IP Upgrade report for f2h_uart_tx
Tue Jun 30 21:00:53 2020
Quartus Prime Version 20.1.0 Build 711 06/05/2020 SJ Lite Edition


---------------------
; Table of Contents ;
---------------------
  1. Legal Notice
  2. IP Upgrade Summary
  3. Successfully Upgraded IP Components
  4. IP Upgrade Messages



----------------
; Legal Notice ;
----------------
Copyright (C) 2020  Intel Corporation. All rights reserved.
Your use of Intel Corporation's design tools, logic functions 
and other software and tools, and any partner logic 
functions, and any output files from any of the foregoing 
(including device programming or simulation files), and any 
associated documentation or information are expressly subject 
to the terms and conditions of the Intel Program License 
Subscription Agreement, the Intel Quartus Prime License Agreement,
the Intel FPGA IP License Agreement, or other applicable license
agreement, including, without limitation, that your use is for
the sole purpose of programming logic devices manufactured by
Intel and sold by Intel or its authorized distributors.  Please
refer to the applicable agreement for further details, at
https://fpgasoftware.intel.com/eula.



+----------------------------------------------------------------------------+
; IP Upgrade Summary                                                         ;
+------------------------------+---------------------------------------------+
; IP Components Upgrade Status ; Passed - Tue Jun 30 21:00:53 2020           ;
; Quartus Prime Version        ; 20.1.0 Build 711 06/05/2020 SJ Lite Edition ;
; Revision Name                ; f2h_uart_tx                                 ;
; Top-level Entity Name        ; f2h_uart_tx                                 ;
; Family                       ; Cyclone V                                   ;
+------------------------------+---------------------------------------------+


+-----------------------------------------------------------------------------------------------------------------------------------------------------+
; Successfully Upgraded IP Components                                                                                                                 ;
+-------------+----------------+---------+-------------------------------------+----------------------+-------------------------------------+---------+
; Entity Name ; Component Name ; Version ; Original Source File                ; Generation File Path ; New Source File                     ; Message ;
+-------------+----------------+---------+-------------------------------------+----------------------+-------------------------------------+---------+
; soc_system  ; Qsys           ; 19.1    ; soc_system/synthesis/soc_system.qip ; soc_system.qsys      ; soc_system/synthesis/soc_system.qip ;         ;
+-------------+----------------+---------+-------------------------------------+----------------------+-------------------------------------+---------+


+---------------------+
; IP Upgrade Messages ;
+---------------------+
Info (11902): Backing up file "soc_system.qsys" to "soc_system.BAK.qsys"
Info (11902): Backing up file "soc_system/synthesis/soc_system.v" to "soc_system.BAK.v"
Info (11837): Started upgrading IP component Qsys with file "soc_system.qsys"
Info: 2020.06.30.20:58:52 Info: Starting to upgrade the IP cores in the Platform Designer system
Info: 2020.06.30.20:58:52 Info: Finished upgrading the ip cores
Info: 2020.06.30.20:59:06 Info: Saving generation log to D:/Documents/Electronics/FPGA/DE10_Nano/MySourceCode/f2h_uart_tx/soc_system
Info: 2020.06.30.20:59:06 Info: Starting: Create simulation model
Info: 2020.06.30.20:59:06 Info: qsys-generate D:\Documents\Electronics\FPGA\DE10_Nano\MySourceCode\f2h_uart_tx\soc_system.qsys --simulation=VERILOG --allow-mixed-language-simulation --output-directory=D:\Documents\Electronics\FPGA\DE10_Nano\MySourceCode\f2h_uart_tx\soc_system\simulation --family="Cyclone V" --part=5CSEBA6U23I7
Info: 2020.06.30.20:59:06 Info: Loading f2h_uart_tx
Info: 2020.06.30.20:59:06 Info: Reading input file
Info: 2020.06.30.20:59:06 Info: Adding clk_0 [clock_source 20.1]
Info: 2020.06.30.20:59:06 Info: Parameterizing module clk_0
Info: 2020.06.30.20:59:06 Info: Adding clock_bridge_0 [altera_clock_bridge 20.1]
Info: 2020.06.30.20:59:06 Info: Parameterizing module clock_bridge_0
Info: 2020.06.30.20:59:06 Info: Adding hps_0 [altera_hps 20.1]
Info: 2020.06.30.20:59:06 Info: Parameterizing module hps_0
Info: 2020.06.30.20:59:06 Info: Adding pll_0 [altera_pll 20.1]
Info: 2020.06.30.20:59:06 Info: Parameterizing module pll_0
Info: 2020.06.30.20:59:06 Info: Building connections
Info: 2020.06.30.20:59:06 Info: Parameterizing connections
Info: 2020.06.30.20:59:06 Info: Validating
Info: 2020.06.30.20:59:12 Info: Done reading input file
Info: 2020.06.30.20:59:14 Info: soc_system.hps_0: HPS Main PLL counter settings: n = 0  m = 63
Info: 2020.06.30.20:59:14 Info: soc_system.hps_0: HPS peripherial PLL counter settings: n = 0  m = 39
Info: 2020.06.30.20:59:14 Info: soc_system.pll_0: The legal reference clock frequency is 5.0 MHz..700.0 MHz
Info: 2020.06.30.20:59:14 Info: soc_system.pll_0: Able to implement PLL with user settings
Info: 2020.06.30.20:59:16 Info: soc_system: Generating soc_system "soc_system" for SIM_VERILOG
Info: 2020.06.30.20:59:22 Info: hps_0: "Running  for module: hps_0"
Info: 2020.06.30.20:59:22 Info: hps_0: HPS Main PLL counter settings: n = 0  m = 63
Info: 2020.06.30.20:59:23 Info: hps_0: HPS peripherial PLL counter settings: n = 0  m = 39
Info: 2020.06.30.20:59:25 Info: hps_0: "soc_system" instantiated altera_hps "hps_0"
Info: 2020.06.30.20:59:25 Info: pll_0: Generating simgen model
Info: 2020.06.30.20:59:35 Info: pll_0: Simgen was successful
Info: 2020.06.30.20:59:35 Info: pll_0: "soc_system" instantiated altera_pll "pll_0"
Info: 2020.06.30.21:00:06 Info: fpga_interfaces: "hps_0" instantiated altera_interface_generator "fpga_interfaces"
Info: 2020.06.30.21:00:07 Info: hps_io: "hps_0" instantiated altera_hps_io "hps_io"
Info: 2020.06.30.21:00:07 Info: border: "hps_io" instantiated altera_interface_generator "border"
Info: 2020.06.30.21:00:07 Info: Reusing file D:/Documents/Electronics/FPGA/DE10_Nano/MySourceCode/f2h_uart_tx/soc_system/simulation/submodules
Info: 2020.06.30.21:00:07 Info: Reusing file D:/Documents/Electronics/FPGA/DE10_Nano/MySourceCode/f2h_uart_tx/soc_system/simulation/submodules
Info: 2020.06.30.21:00:07 Info: Reusing file D:/Documents/Electronics/FPGA/DE10_Nano/MySourceCode/f2h_uart_tx/soc_system/simulation/submodules
Info: 2020.06.30.21:00:07 Info: Reusing file D:/Documents/Electronics/FPGA/DE10_Nano/MySourceCode/f2h_uart_tx/soc_system/simulation/submodules
Info: 2020.06.30.21:00:07 Info: Reusing file D:/Documents/Electronics/FPGA/DE10_Nano/MySourceCode/f2h_uart_tx/soc_system/simulation/submodules
Info: 2020.06.30.21:00:07 Info: Reusing file D:/Documents/Electronics/FPGA/DE10_Nano/MySourceCode/f2h_uart_tx/soc_system/simulation/submodules
Info: 2020.06.30.21:00:07 Info: Reusing file D:/Documents/Electronics/FPGA/DE10_Nano/MySourceCode/f2h_uart_tx/soc_system/simulation/submodules
Info: 2020.06.30.21:00:07 Info: soc_system: Done "soc_system" with 6 modules, 122 files
Info: 2020.06.30.21:00:07 Info: qsys-generate succeeded.
Info: 2020.06.30.21:00:07 Info: Finished: Create simulation model
Info: 2020.06.30.21:00:07 Info: Starting: Create Modelsim Project.
Info: 2020.06.30.21:00:07 Info: sim-script-gen --spd=D:\Documents\Electronics\FPGA\DE10_Nano\MySourceCode\f2h_uart_tx\soc_system\soc_system.spd --output-directory=D:/Documents/Electronics/FPGA/DE10_Nano/MySourceCode/f2h_uart_tx/soc_system/simulation
Info: 2020.06.30.21:00:07 Info: Doing: ip-make-simscript --spd=D:\Documents\Electronics\FPGA\DE10_Nano\MySourceCode\f2h_uart_tx\soc_system\soc_system.spd --output-directory=D:/Documents/Electronics/FPGA/DE10_Nano/MySourceCode/f2h_uart_tx/soc_system/simulation
Info: 2020.06.30.21:00:07 Info: Generating the following file(s) for MODELSIM simulator in D:/Documents/Electronics/FPGA/DE10_Nano/MySourceCode/f2h_uart_tx/soc_system/simulation
Info: 2020.06.30.21:00:07 Info:     mentor
Info: 2020.06.30.21:00:07 Info: Generating the following file(s) for VCS simulator in D:/Documents/Electronics/FPGA/DE10_Nano/MySourceCode/f2h_uart_tx/soc_system/simulation
Info: 2020.06.30.21:00:07 Info:     synopsys/vcs
Info: 2020.06.30.21:00:07 Info: Generating the following file(s) for VCSMX simulator in D:/Documents/Electronics/FPGA/DE10_Nano/MySourceCode/f2h_uart_tx/soc_system/simulation
Info: 2020.06.30.21:00:07 Info:     synopsys/vcsmx
Info: 2020.06.30.21:00:07 Info:     synopsys/vcsmx
Info: 2020.06.30.21:00:07 Info: Generating the following file(s) for NCSIM simulator in D:/Documents/Electronics/FPGA/DE10_Nano/MySourceCode/f2h_uart_tx/soc_system/simulation
Info: 2020.06.30.21:00:07 Info:     cadence
Info: 2020.06.30.21:00:07 Info:     cadence
Info: 2020.06.30.21:00:07 Info:     cadence
Info: 2020.06.30.21:00:07 Info:     6 .cds.lib files in cadence/cds_libs
Info: 2020.06.30.21:00:07 Info: Generating the following file(s) for RIVIERA simulator in D:/Documents/Electronics/FPGA/DE10_Nano/MySourceCode/f2h_uart_tx/soc_system/simulation
Info: 2020.06.30.21:00:07 Info:     aldec
Info: 2020.06.30.21:00:07 Info: For information on how to simulate your IP, see the explanatory comments in the simulator-specific subdirectories under D:/Documents/Electronics/FPGA/DE10_Nano/MySourceCode/f2h_uart_tx/soc_system/simulation
Info: 2020.06.30.21:00:07 Info: Regenerate these scripts whenever you make any change to any Quartus-generated IP in your project.
Info: 2020.06.30.21:00:07 Info: Finished: Create Modelsim Project.
Info: 2020.06.30.21:00:07 Info: Starting: Create block symbol file (.bsf)
Info: 2020.06.30.21:00:07 Info: qsys-generate D:\Documents\Electronics\FPGA\DE10_Nano\MySourceCode\f2h_uart_tx\soc_system.qsys --block-symbol-file --output-directory=D:\Documents\Electronics\FPGA\DE10_Nano\MySourceCode\f2h_uart_tx\soc_system --family="Cyclone V" --part=5CSEBA6U23I7
Info: 2020.06.30.21:00:07 Info: Loading f2h_uart_tx
Info: 2020.06.30.21:00:08 Info: Reading input file
Info: 2020.06.30.21:00:08 Info: Adding clk_0 [clock_source 20.1]
Info: 2020.06.30.21:00:08 Info: Parameterizing module clk_0
Info: 2020.06.30.21:00:08 Info: Adding clock_bridge_0 [altera_clock_bridge 20.1]
Info: 2020.06.30.21:00:08 Info: Parameterizing module clock_bridge_0
Info: 2020.06.30.21:00:08 Info: Adding hps_0 [altera_hps 20.1]
Info: 2020.06.30.21:00:08 Info: Parameterizing module hps_0
Info: 2020.06.30.21:00:08 Info: Adding pll_0 [altera_pll 20.1]
Info: 2020.06.30.21:00:08 Info: Parameterizing module pll_0
Info: 2020.06.30.21:00:08 Info: Building connections
Info: 2020.06.30.21:00:08 Info: Parameterizing connections
Info: 2020.06.30.21:00:08 Info: Validating
Info: 2020.06.30.21:00:13 Info: Done reading input file
Info: 2020.06.30.21:00:16 Info: soc_system.hps_0: HPS Main PLL counter settings: n = 0  m = 63
Info: 2020.06.30.21:00:16 Info: soc_system.hps_0: HPS peripherial PLL counter settings: n = 0  m = 39
Info: 2020.06.30.21:00:16 Info: soc_system.pll_0: The legal reference clock frequency is 5.0 MHz..700.0 MHz
Info: 2020.06.30.21:00:16 Info: soc_system.pll_0: Able to implement PLL with user settings
Info: 2020.06.30.21:00:16 Info: qsys-generate succeeded.
Info: 2020.06.30.21:00:16 Info: Finished: Create block symbol file (.bsf)
Info: 2020.06.30.21:00:16 Info:
Info: 2020.06.30.21:00:16 Info: Starting: Create HDL design files for synthesis
Info: 2020.06.30.21:00:16 Info: qsys-generate D:\Documents\Electronics\FPGA\DE10_Nano\MySourceCode\f2h_uart_tx\soc_system.qsys --synthesis=VERILOG --output-directory=D:\Documents\Electronics\FPGA\DE10_Nano\MySourceCode\f2h_uart_tx\soc_system\synthesis --family="Cyclone V" --part=5CSEBA6U23I7
Info: 2020.06.30.21:00:16 Info: Loading f2h_uart_tx
Info: 2020.06.30.21:00:16 Info: Reading input file
Info: 2020.06.30.21:00:16 Info: Adding clk_0 [clock_source 20.1]
Info: 2020.06.30.21:00:16 Info: Parameterizing module clk_0
Info: 2020.06.30.21:00:16 Info: Adding clock_bridge_0 [altera_clock_bridge 20.1]
Info: 2020.06.30.21:00:16 Info: Parameterizing module clock_bridge_0
Info: 2020.06.30.21:00:16 Info: Adding hps_0 [altera_hps 20.1]
Info: 2020.06.30.21:00:16 Info: Parameterizing module hps_0
Info: 2020.06.30.21:00:16 Info: Adding pll_0 [altera_pll 20.1]
Info: 2020.06.30.21:00:16 Info: Parameterizing module pll_0
Info: 2020.06.30.21:00:16 Info: Building connections
Info: 2020.06.30.21:00:16 Info: Parameterizing connections
Info: 2020.06.30.21:00:16 Info: Validating
Info: 2020.06.30.21:00:22 Info: Done reading input file
Info: 2020.06.30.21:00:24 Info: soc_system.hps_0: HPS Main PLL counter settings: n = 0  m = 63
Info: 2020.06.30.21:00:24 Info: soc_system.hps_0: HPS peripherial PLL counter settings: n = 0  m = 39
Info: 2020.06.30.21:00:24 Info: soc_system.pll_0: The legal reference clock frequency is 5.0 MHz..700.0 MHz
Info: 2020.06.30.21:00:24 Info: soc_system.pll_0: Able to implement PLL with user settings
Info: 2020.06.30.21:00:26 Info: soc_system: Generating soc_system "soc_system" for QUARTUS_SYNTH
Info: 2020.06.30.21:00:31 Info: hps_0: "Running  for module: hps_0"
Info: 2020.06.30.21:00:31 Info: hps_0: HPS Main PLL counter settings: n = 0  m = 63
Info: 2020.06.30.21:00:31 Info: hps_0: HPS peripherial PLL counter settings: n = 0  m = 39
Info: 2020.06.30.21:00:33 Info: hps_0: "soc_system" instantiated altera_hps "hps_0"
Info: 2020.06.30.21:00:34 Info: pll_0: "soc_system" instantiated altera_pll "pll_0"
Info: 2020.06.30.21:00:34 Info: fpga_interfaces: "hps_0" instantiated altera_interface_generator "fpga_interfaces"
Info: 2020.06.30.21:00:34 Info: hps_io: "hps_0" instantiated altera_hps_io "hps_io"
Info: 2020.06.30.21:00:49 Info: border: "hps_io" instantiated altera_interface_generator "border"
Info: 2020.06.30.21:00:49 Info: soc_system: Done "soc_system" with 6 modules, 51 files
Info: 2020.06.30.21:00:49 Info: qsys-generate succeeded.
Info: 2020.06.30.21:00:49 Info: Finished: Create HDL design files for synthesis
Info (11131): Completed upgrading IP component Qsys with file "soc_system.qsys"
Info (23030): Evaluation of Tcl script c:/intelfpga_lite/20.1/quartus/common/tcl/internal/ip_regen/ip_regen.tcl was successful
Info: Quartus Prime Shell was successful. 0 errors, 0 warnings
    Info: Peak virtual memory: 4862 megabytes
    Info: Processing ended: Tue Jun 30 21:00:57 2020
    Info: Elapsed time: 00:02:27
    Info: Total CPU time (on all processors): 00:04:16


